
> twistylab@1.0.0 build
> tsc -b && vite build

vite v7.3.6 building client environment for production...
transforming...
✓ 1961 modules transformed.
Generated an empty chunk: "cubing-chunks-chunk-NAPITA3L-js".
rendering chunks...
computing gzip size...
dist/registerSW.js                                                                         0.15 kB
dist/manifest.webmanifest                                                                  0.30 kB
dist/assets/statistics.worker-EQB75PcO.js                                                  0.46 kB
dist/index.html                                                                            0.74 kB │ gzip:   0.44 kB
dist/assets/index-Bgy9lWgp.css                                                            23.37 kB │ gzip:   5.71 kB
dist/assets/cubing-chunks-chunk-NAPITA3L-js-l0sNRNKZ.js                                    0.00 kB │ gzip:   0.02 kB
dist/assets/cubing-chunks-chunk-7GUL3OBQ-js-1G_wB_B4.js                                    0.03 kB │ gzip:   0.05 kB
dist/assets/cubing-alg-index-js-DEZT9HuS.js                                                0.06 kB │ gzip:   0.07 kB
dist/assets/cubing-puzzles-index-js-rC21Mb-L.js                                            0.22 kB │ gzip:   0.13 kB
dist/assets/cubing-scramble-index-js-uENS6K-j.js                                           0.27 kB │ gzip:   0.15 kB
dist/assets/cubing-chunks-chunk-GHFBZYSV-js-D3tQiqtZ.js                                    0.37 kB │ gzip:   0.25 kB
dist/assets/index-BSY2CAMC.js                                                              0.40 kB │ gzip:   0.24 kB
dist/assets/cubing-chunks-search-worker-entry-js-CFWo2xVh.js                               0.43 kB │ gzip:   0.31 kB
dist/assets/index-BsyXevf-.js                                                              0.58 kB │ gzip:   0.40 kB
dist/assets/index-C9o6xgw-.js                                                              0.66 kB │ gzip:   0.45 kB
dist/assets/cubing-chunks-big-puzzle-orientation-ADWIOX6S-js-Qqfj6xL5.js                   0.85 kB │ gzip:   0.52 kB
dist/assets/useSolves-waVBCv7T.js                                                          1.07 kB │ gzip:   0.60 kB
dist/assets/preload-helper-CDZOsfUI.js                                                     1.26 kB │ gzip:   0.71 kB
dist/assets/cubing-chunks-chunk-7LXHWXCO-js-RXZaMiuN.js                                    1.58 kB │ gzip:   0.73 kB
dist/assets/cubing-chunks-chunk-5KMTA6PX-js-D3ArISFe.js                                    3.03 kB │ gzip:   1.72 kB
dist/assets/backup-fiT9DNnh.js                                                             3.31 kB │ gzip:   1.40 kB
dist/assets/StatsPage-CfhpN3zK.js                                                          3.48 kB │ gzip:   1.66 kB
dist/assets/HistoryPage-Cms7QoBU.js                                                        3.56 kB │ gzip:   1.51 kB
dist/assets/cubing-chunks-chunk-UEUJSZTX-js-DGJXO6Q7.js                                    3.63 kB │ gzip:   1.03 kB
dist/assets/PuzzleViewer3D-C-gaXoEh.js                                                     6.05 kB │ gzip:   2.59 kB
dist/assets/SettingsPage-CIuFmMUV.js                                                       6.67 kB │ gzip:   2.63 kB
dist/assets/cubing-chunks-twips-ZNMKGC5U-js-Bf3zpD9n.js                                    7.17 kB │ gzip:   2.81 kB
dist/assets/TimerPage-Ch8OXcsE.js                                                          7.90 kB │ gzip:   3.15 kB
dist/assets/cubing-chunks-search-dynamic-solve-master_tetraminx-GIS7T5B7-js-DqFBTgra.js    8.03 kB │ gzip:   3.39 kB
dist/assets/cubing-chunks-search-dynamic-solve-kilominx-Y2D3C74Y-js-tziq6Fak.js            8.06 kB │ gzip:   3.35 kB
dist/assets/cubing-chunks-puzzles-dynamic-4x4x4-AIGABOAR-js-Cr8v4tqZ.js                    8.25 kB │ gzip:   1.14 kB
dist/assets/cubing-chunks-inside-JAJOK2MI-js-DDP0Ry2B.js                                   8.26 kB │ gzip:   3.06 kB
dist/assets/cubing-chunks-chunk-5ONX3JVC-js-IxBQtG75.js                                    9.04 kB │ gzip:   2.45 kB
dist/assets/PlaygroundPage-CIjN5QjD.js                                                    10.78 kB │ gzip:   4.01 kB
dist/assets/cubing-chunks-chunk-H5KMIDAF-js-CUOeugqC.js                                   11.71 kB │ gzip:   4.59 kB
dist/assets/cubing-chunks-chunk-FUAADKXE-js-B5D1j8--.js                                   12.10 kB │ gzip:   3.10 kB
dist/assets/cubing-chunks-chunk-YR72E7KZ-js-CfzeMPJJ.js                                   14.04 kB │ gzip:   4.99 kB
dist/assets/cubing-chunks-puzzles-dynamic-megaminx-2LVHIDL4-js-Cm8jQJ-N.js                16.74 kB │ gzip:   2.08 kB
dist/assets/cubing-chunks-search-dynamic-solve-fto-I5ID5LXD-js-JjkvEZvc.js                18.24 kB │ gzip:   7.39 kB
dist/assets/cubing-chunks-chunk-N5FJ5YIA-js-B61H06bf.js                                   20.61 kB │ gzip:   5.92 kB
dist/assets/cubing-chunks-puzzles-dynamic-3x3x3-FYXD7SIU-js-BAAKgtmM.js                   23.63 kB │ gzip:   2.22 kB
dist/assets/cubing-chunks-search-dynamic-solve-3x3x3-B2L4IN34-js-uMfhr9Ka.js              23.78 kB │ gzip:   9.25 kB
dist/assets/cubing-chunks-chunk-A7FK4XKU-js-vNb6f0Kd.js                                   24.62 kB │ gzip:   6.82 kB
dist/assets/cubing-chunks-twisty-dynamic-3d-4BEQ76PB-js-C92pL6wH.js                       27.52 kB │ gzip:   8.68 kB
dist/assets/cubing-chunks-search-dynamic-sgs-unofficial-5JQKPNG2-js-B3LjAAFx.js           27.82 kB │ gzip:   7.83 kB
dist/assets/cubing-chunks-search-dynamic-solve-4x4x4-BGV4AJVT-js-Dkujspcu.js              27.86 kB │ gzip:   9.71 kB
dist/assets/cubing-chunks-search-dynamic-sgs-side-events-WORUZVF5-js-B8kxivfn.js          31.94 kB │ gzip:   6.63 kB
dist/assets/cubing-chunks-puzzles-dynamic-unofficial-P3TW433I-js-cOWAxRTA.js              40.62 kB │ gzip:   5.00 kB
dist/assets/cubing-puzzle-geometry-index-js-DGA0-PEw.js                                   70.45 kB │ gzip:  22.94 kB
dist/assets/cubing-twisty-index-js-BToFZ3Ds.js                                            99.03 kB │ gzip:  27.54 kB
dist/assets/cubing-chunks-puzzles-dynamic-side-events-IMYJ533P-js-uM0XY_nj.js            136.92 kB │ gzip:  18.39 kB
dist/assets/index-DVX7qXDV.js                                                            477.89 kB │ gzip: 156.99 kB
dist/assets/Scene-BC7zaMW7.js                                                            483.66 kB │ gzip: 124.93 kB
dist/assets/SpecialPuzzleViewer-B7l3o30N.js                                              579.83 kB │ gzip: 147.62 kB

(!) Some chunks are larger than 500 kB after minification. Consider:
- Using dynamic import() to code-split the application
- Use build.rollupOptions.output.manualChunks to improve chunking: https://rollupjs.org/configuration-options/#output-manualchunks
- Adjust chunk size limit for this warning via build.chunkSizeWarningLimit.
dist/assets/cubing-chunks-twips_wasm_bg-TJNYGA2C-AP2O4LGG-js-DycJmnVR.js                 670.64 kB │ gzip: 209.03 kB
✓ built in 6.58s

PWA v1.3.0
mode      generateSW
precache  57 entries (2900.11 KiB)
files generated
  dist/sw.js
  dist/workbox-9c191d2f.js
